password:0:UNACCEPTABLE
qwerty123:0:UNACCEPTABLE
pass1234:0:UNACCEPTABLE
fgh123$:0:UNACCEPTABLE
Qwerty123:27:FAIR
0circleS:16:WEAK
UiL+2024:37:GOOD
u20-IL_24:45:GOOD
Sxxxxxxx0:19:WEAK
B0000000s:19:WEAK
Pass12345!:36:GOOD
ABZYcdx[3-2-1-0]:105:STRONG
jfm2amj0^jas1ond9:86:STRONG
UIL+2024:26:FAIR
B000000s:18:WEAK
RS01st23:25:FAIR
aBCDEFG0:22:FAIR
_it'sHard4me2:67:STRONG
biteme.19?:35:FAIR
biteme:0:UNACCEPTABLE
DoU@L0veMe?:60:STRONG
123456:0:UNACCEPTABLE
123456.7x:38:GOOD
192837.4x:38:GOOD
asdf-098765:38:GOOD
(uil2024):34:FAIR
!abc/123:33:FAIR
PASSWORD:0:UNACCEPTABLE
8a>Z&B<Q3#:68:STRONG
UrS0{VrY*WrOnG}:99:STRONG
