[2, 11, 5, 8]
INDEX OUT OF BOUNDS.
2 3
11 12
5 6
8 9
----------
COLUMN [10, 11, 12] OF INVALID LENGTH
1 9 7 4
5 6 3 8
----------
[0, 10, 19, 20]
12 10 19 20
4 11 18 21
0 17 22 2
1 14 15 24
----------
[20, 21, 22, 23, 24]
20 0 10 19
1 5 18 21
2 9 17 22
16 8 6 13
4 7 15 24
----------
4 5 15 24
----------
ROW [10, 11, 12, 13] OF INVALID LENGTH
COLUMN [14, 15] OF INVALID LENGTH
INDEX OUT OF BOUNDS.
INDEX OUT OF BOUNDS.
INDEX OUT OF BOUNDS.
INDEX OUT OF BOUNDS.
7 8 9
1 5 2
3 6 4
----------
COLUMN [5, 6, 7] OF INVALID LENGTH
ROW [8] OF INVALID LENGTH
INDEX OUT OF BOUNDS.
INDEX OUT OF BOUNDS.
INDEX OUT OF BOUNDS.
14 10 11
15 212 2
16 3 4
----------
INDEX OUT OF BOUNDS.
COLUMN [212] OF INVALID LENGTH
INDEX OUT OF BOUNDS.
ROW [1, 2, 3, 4, 5, 6, 7, 8, 9, 0] OF INVALID LENGTH
0 9 10 19 20
1 8 11 18 21
2 7 12 17 22
3 6 13 16 23
4 5 14 15 24
----------
20
21
23
24
----------
[48, 40, 41, 33, 45, 47]
212 93 5 100 7 8 9
30 13 35 101 37 38 39
48 40 41 102 33 45 47
65 43 68 103 60 61 63
70 67 75 104 77 78 79
90 73 95 105 97 98 99
----------
9 0 1 2 3 4 5 6 7 8
18 19 10 11 12 13 14 15 16 17
27 28 29 20 21 22 23 24 25 26
36 37 38 39 30 31 32 33 34 35
45 46 47 48 49 40 41 42 43 44
54 55 56 57 58 59 50 51 52 53
63 64 65 66 67 68 69 60 61 62
72 73 74 75 76 77 78 79 70 71
81 82 83 84 85 86 87 88 89 80
90 91 92 93 94 95 96 97 98 99
----------
[7, 4, 5, 6, 7]
234 765 1 43 877
4 1 2 234 5
54 39 4 3434 44
32 5 5 6 7
