51 1200 323425 42424 367100
556 3587 2007 129074 27292 20386 4322 3288 190512
7011 19956 63267 33964 261818 190119 206511 483365 1097 154 1267262
48419 406328 419737 22981 897465
3 8 153 9024 95572 33633 138393
4871 165652 102654 48757 1216 323150
52114 56424 675800 85167 5788 14866 1171 891330
1644 175907 98554 120915 437447 247371 25110 80508 5750 13 1193219
105 61755 297195 463234 116700 51238 4934 995161
45013 619835 551226 37 1216111
93 23406 15873 889 40261
6480 97416 384202 297424 315987 8549 1110058
261 3522 2303 21468 48298 422066 10454 372 83 7 508834
86 86871 420152 226767 78886 22700 608 836070
30755 1913 2611 405 35684
62157 386438 448595
Dry as a Bone...
7021 36664 96144 17376 17031 8216 240 182692
15986 454104 913 39 1 471043
1422 16510 5058 1021403 162931 22048 245 902 1230519
23310 322512 89699 29447 29595 638 495201
15438 20780 2308 6501 87 63 45177
1857 6755 8612
87 5037 2983 19762 27869
4956 146999 125848 21791 25907 38028 363529
376658 1074133 66929 240 6 1517966
3104 2308 125722 34475 454127 380382 142480 968 1143566
27762 500525 102401 184788 13801 132859 74627 1036763
1755 14491 7070 1155247 163286 1341849
134776 1033103 37758 54 1205691
1439 18804 41829 286054 391983 519078 79639 14240 21303 1374369
1877 4073 340657 919121 23737 7356 57001 49153 1402975
10657 4562 355138 361 9000 379718
9 2 42 634816 292089 23832 95 75 950960
28524 149519 229733 131965 674 540415
30 262 477 115723 78096 337536 359851 362902 2253 32 1257162
Dry as a Bone...
1781 84 1865
228458 647 229105
117 10887 6144 17128 337539 618494 76417 6179 1072905
1055 26572 26769 128172 18334 200902
180 609 3607 4396
7111 65176 176042 17108 917651 1183088
71001 115681 81709 217152 52169 631 538343
6506 161405 361667 584704 775 1115057
115 1093 79 1287
177 928 138323 25706 246663 109104 188247 6064 15857 731069
126148 1028384 8012 551 475 1163570
1932 358519 46998 257582 35436 6181 706648
12118 45154 5628 34264 60036 775571 1937 934708
8072 33314 3016 55639 61264 46894 21990 527305 12554 790 102 770940
6345 65397 524184 71066 60 667052
80 107 22165 184132 74107 54054 334645
194822 158639 124560 33675 1959 513655
23 2778 85486 37737 46269 657 259 173209
3811 2158 2790 310746 107346 50127 53704 11119 541801
39810 137353 109159 73169 82789 73404 515684
911 59244 8105 24836 287776 7698 87759 476329
48305 13237 23820 203219 112313 48431 11217 460542
418 9055 11671 1454 22598
3248 7200 3147 9450 7250 5623 59 35977
141188 44727 117840 242652 27568 573975
3 6704 108279 133923 351151 79080 2027 681167
1 40954 36810 354822 121974 1458 556019
38147 42555 80702
83729 535843 78786 34892 49 46 733345
236 10510 44430 114166 59437 228779
14 3280 68687 606889 109666 1337 123 789996
76 91386 77229 182094 255156 209588 103555 57216 976300
20010 528733 611075 63909 30814 7634 2829 1265004
195677 429782 625459
242631 943314 81257 49982 6089 43875 1208 1368356
18780 31039 20785 86912 27015 25073 32388 77574 21373 2869 343808
2092 28244 18236 48572
6798 91088 43992 15930 1068797 1226605
54573 5379 26025 9388 48819 252152 120288 97481 1227 615332
1750 728 25349 266454 300500 563823 144659 1966 1305229
59513 126862 4156 190531
52844 59115 102701 214660
275752 407180 18232 594907 51764 82 1347917
428 2692 138708 145502 194271 105548 19336 23268 629753
3 304 36123 153725 201 3 190359
117415 445514 85412 5116 663 159 81 654360
1445 5469 56016 445198 407638 3309 919075
585 1656 70619 144921 124372 26472 527 369152
4566 145815 93326 289425 84207 672202 23174 1312715
677411 392040 149094 76269 21833 5234 825 75 1322781
Dry as a Bone...
193004 27459 444795 199578 39910 48 904794
5 84704 125280 22943 232932
45 29275 70485 240593 492216 18080 8344 859038
299 468 767
703 66757 34303 126249 897682 111348 864 1664 1239570
3674 87391 136979 412671 28211 155796 50350 26676 901748
504 1426 6017 358864 193865 27665 10069 598410
1975 86990 473150 284572 35925 46805 67662 1582 998661
188 311896 987289 7154 39986 1354 1347867
20924 167479 23048 12489 38202 262142
21018 98647 468111 116813 10133 261 714983
895 9700 3543 6233 4 20375
