'UIL programmers crack the code!'
'Java programming party tonight, at my place.'
=========================
'Regional Comp Sci contest WINNERS advances to State contest, let's go-go-go :-))'
'Is your Computer Science team prepared for an exciting programming contest?'
'Combined "brain power" at the State programming contest can be detected by satellite sensors, ya think maybe?'
=========================
'abcdefghijklmnopqrstuvwxyz0123456789!@#$%^&*()`-=[]\;',./~_+{}|:"<>?ABCDEFGHIJKL'
'abcdefghijklmnopqrstuvwxyz 0123456789!@#$%^&*() `-=[]\;',./~_+{}|:"<>? ABCDEFGHIJKLMNOPQRS'
'The University Interscholastic League offers the most comprehensive program of academic competition in the nation. More text to hit 150 chars exactly.'
'UIL Academics offers more activities than any other UIL division, with 30 contests at the high school level and 20 A+ Academic contests for grades 2-8'
'More than half a million students participate in UIL academic contests each year!!'
=========================
'RQPONMLKJIHGFEDCBA'
'RQPONMLKJIHGFEDCBA!ZYXWVUTS'
'RQPONMLKJIHGFEDCBA9876543210ZYXWVUTS'
'RQPONMLKJIHGFEDCBA9876543210ZYXWVUTSkjihgfedcba'
'RQPONMLKJIHGFEDCBA9876543210ZYXWVUTSqponmlkjihgfedcba'
'RQPONMLKJIHGFEDCBA9876543210ZYXWVUTSrqponmlkjihgfedcbas'
'RQPONMLKJIHGFEDCBA9876543210ZYXWVUTSrqponmlkjihgfedcbazyxwvuts'
'RQPONMLKJIHGFEDCBA9876543210ZYXWVUTSrqponmlkjihgfedcbayxwvuts'
'RQPONMLKJIHGFEDCBA9876543210ZYXWVUTSrqponmlkjihgfedcbaxwvuts'
'RQPONMLKJIHGFEDCBA9876543210ZYXWVUTSrqponmlkjihgfedcbawvuts'
=========================
'PONMLKJIHGFEDCBASRQ'
'PONMLKJIHGFEDCBA~!ZYXWVUTSRQ'
'PONMLKJIHGFEDCBA543210ZYXWVUTSRQ'
'PONMLKJIHGFEDCBA543210ZYXWVUTSRQlkjihgfedcba9876zyxwvutsrqponm'
=========================
'321cba'
'321cba?zyx'
=========================
'dcba4321gfed8765jih'
'cba'
'ba'
=========================
'654321fedcba456789zyxwvu5e4d3c2b1a'
'654321fedcba456789zyxwvu6f5e4d3c2b1a$'
'654321fedcba456789zyxwvu6f5e4d3c2b1aJIHGFEDCBA '
=========================
'7654321gfedcba3456789zyxwvutd3c2b1a'
'7654321gfedcba3456789zyxwvut6f5e4d3c2b1a'
=========================
'9876543210jihgfedcba'
'9876543210jihgfedcba?'
'876543210jihgfedcba'
=========================
