Data Set #1
.........
.........
.........
.........
.........
.........
.........
.........
#........
Data Set #2
.....#...
.....#...
.....#...
.....#...
.....#...
.....#...
.....#...
.....#...
#.#######
Data Set #3
.........
.........
.........
.........
.........
.........
.........
.........
########.
Data Set #4
.........
.........
.........
.........
.........
.........
.........
...#.....
...#.....
Data Set #5
#.......#
#..#....#
#..#....#
#..#....#
#..#....#
#..#....#
#..#....#
#..#....#
#..#....#
