            *
           ***
          *****
         *******
        *********
       ***********
      *************
     ***************
    *****************
   *******************
  *********************
 ***********************
*************************
 ***********************
  *********************
   *******************
    *****************
     ***************
      *************
       ***********
        *********
         *******
          *****
           ***
            *

 *
***
 *

   *
  ***
 *****
*******
 *****
  ***
   *

      *
     ***
    *****
   *******
  *********
 ***********
*************
 ***********
  *********
   *******
    *****
     ***
      *

                 *
                ***
               *****
              *******
             *********
            ***********
           *************
          ***************
         *****************
        *******************
       *********************
      ***********************
     *************************
    ***************************
   *****************************
  *******************************
 *********************************
***********************************
 *********************************
  *******************************
   *****************************
    ***************************
     *************************
      ***********************
       *********************
        *******************
         *****************
          ***************
           *************
            ***********
             *********
              *******
               *****
                ***
                 *

*
