  1   22222 33333 4   4 55555 66666 77777 88888 99999 00000
 11       2     3 4   4 5     6         7 8   8 9   9 0   0
  1   22222   333 44444 55555 66666     7 88888 99999 0   0
  1   2         3     4     5 6   6     7 8   8     9 0   0
11111 22222 33333     4 55555 66666     7 88888 99999 00000
00000
0   0
0   0
0   0
00000
  1  
 11  
  1  
  1  
11111
22222
    2
22222
2    
22222
55555
5    
55555
    5
55555
99999
9   9
99999
    9
99999
4   4
4   4
44444
    4
    4
77777
    7
    7
    7
    7
66666
6    
66666
6   6
66666
88888
8   8
88888
8   8
88888
33333
    3
  333
    3
33333
88888 4   4 22222 66666
8   8 4   4     2 6    
88888 44444 22222 66666
8   8     4 2     6   6
88888     4 22222 66666
99999 55555 33333   1   77777
9   9 5         3  11       7
99999 55555   333   1       7
    9     5     3   1       7
99999 55555 33333 11111     7
