600 WARMER
650 WARMER
732 WARMER
840 WARMER
950 COLDER
850 WARMER
900 COLDER
875 WARMER
859 FOUND

350 COLDER
200 WARMER
175 WARMER
125 SAME
400 COLDER
150 FOUND

1300 COLDER
1400 WARMER
1450 WARMER
1700 SAME
1600 WARMER
1500 COLDER
1575 FOUND

650 FOUND ON FIRST TRY

50 FOUND ON FIRST TRY

555 WARMER
755 WARMER
455 COLDER
355 COLDER
345 COLDER
725 WARMER
700 WARMER
650 SAME
675 FOUND

249 SAME
240 COLDER
260 SAME
250 FOUND

900 SAME
915 WARMER
935 SAME
930 WARMER
920 SAME
925 FOUND

