Test case #1:
   12   13   14
   17   18   19
--------------------
Test case #2:
   28   29
   34   35
   40   41
--------------------
Test case #3: Unable to extract requested size!
--------------------
Test case #4:
  748  538   21  397  303  403  128  110  443  952  339  262  588   64  442
  887  847  113  998  150  302   86  492  277   19  395  411  294  677  205
  214  382  204  798  925  986  451  520  319   19  606  754  545 1000   51
  259  738  134  707  183  502  795  921  434   28  916  882  163  320  531
  366  557  668  616   75  172  459  528  691  212  948  768   56  574  490
  225  180  488  332  650   31  368  911  738  547  204  577  472  409  113
  454  700  493  620  837  683  753  727  822  482  110  333  268  437   35
  104  816  591  178  886  522   35  955  580  450  979  805  588  803  856
   69  303  197  245  461  122  806  161  687  225  255  385  600  910  171
  352  160  507  600  916   89  529  613  815  121   37  753  754  597   15
  211  798  545  916  356  285  648  535  691  112   87  608  481  613  198
  323  768  515  562  179   83  191  107  430  545  430  651  179  330  132
  808  751  745  628  746  558   62  991  127  665  101  936  679  265  410
--------------------
Test case #5:
  159  802
  287  140
--------------------
Test case #6:
  445  287  109  674  415
  735  323  674  420  550
--------------------
Test case #7:
  941  798
  823  232
  890  700
   31  159
  253  818
  394  728
  290  808
--------------------
Test case #8:
  677  337  137
  230  901  514
  113  607  907
  852  618   14
  297  765  581
--------------------
Test case #9: Unable to extract requested size!
--------------------
Test case #10: Unable to extract requested size!
--------------------
