------------------------------------------------------------------------
PLACE  | USERNAME               | RANK       | WIN%     | COMBAT   | HS%
------------------------------------------------------------------------
#1     | MeteorSlash            | [Diamond]  | 100.00   | 47.50    | 95.00
#2     | VoltStrike             | [Diamond]  | 90.00    | 14.00    | 88.71
#3     | StormCaller            | [Diamond]  | 80.00    | 15.25    | 84.00
#4     | ZeroKelvin             | [Diamond]  | 50.00    | 1.75     | 50.00
#5     | ObsidianX              | [Platinum] | 90.00    | 17.17    | 86.36
#6     | PhantomAxe             | [Platinum] | 80.00    | 8.58     | 80.00
#7     | RiftBlade              | [Platinum] | 70.00    | 6.57     | 75.68
#8     | CipherX                | [Platinum] | 60.00    | 6.25     | 80.00
#9     | IronFang               | [Platinum] | 60.00    | 6.25     | 75.00
#10    | VoidWalker             | [Platinum] | 40.00    | 3.95     | 68.57
#11    | GhostWire              | [Gold]     | 80.00    | 5.65     | 64.79
#12    | NovaPulse              | [Gold]     | 80.00    | 5.65     | 56.34
#13    | ShadowByte             | [Gold]     | 80.00    | 5.65     | 56.34
#14    | QuantumEdge            | [Gold]     | 70.00    | 4.88     | 70.00
#15    | SerpentCoil            | [Gold]     | 60.00    | 4.87     | 68.84
#16    | ArcaneViper            | [Gold]     | 50.00    | 3.20     | 60.00
#17    | ThunderVeil            | [Gold]     | 30.00    | 2.23     | 50.00
#18    | EmberWrath             | [Silver]   | 90.00    | 8.00     | 80.00
#19    | LunarBolt              | [Silver]   | 70.00    | 3.06     | 60.00
#20    | FrostPeak              | [Silver]   | 60.00    | 2.23     | 55.00
#21    | CrystalFang            | [Silver]   | 50.00    | 2.00     | 44.21
#22    | NebulaKnight           | [Silver]   | 40.00    | 1.54     | 34.09
#23    | CobaltRush             | [Bronze]   | 50.00    | 1.10     | 40.00
#24    | PixelReaper            | [Bronze]   | 30.00    | 0.88     | 25.00
#25    | NightShade             | [Bronze]   | 20.00    | 0.58     | 22.22
------------------------------------------------------------------------
