+------------------------------------------+
| Invoice for BOB                          |
+------------------------------------------+
| Item         Qty     Price     Subtotal  |
+------------------------------------------+
| Motor         3      38.79      116.37   |
+------------------------------------------+
| Subtotal:                         116.37 |
| Tax:                                9.60 |
| Total:                            125.97 |
+------------------------------------------+
+------------------------------------------+
| Invoice for RUMI                         |
+------------------------------------------+
| Item         Qty     Price     Subtotal  |
+------------------------------------------+
| Servo         4      12.50       50.00   |
| Wheel         2      18.75       37.50   |
| Battery       1      49.99       49.99   |
+------------------------------------------+
| Subtotal:                         137.49 |
| Tax:                               11.34 |
| Total:                            148.83 |
+------------------------------------------+
+------------------------------------------+
| Invoice for JUDGES                       |
+------------------------------------------+
| Item         Qty     Price     Subtotal  |
+------------------------------------------+
| Motor         2      39.95       79.90   |
| Frame         1     120.00      120.00   |
| Gear          6       4.25       25.50   |
| Chain         3       8.40       25.20   |
+------------------------------------------+
| Subtotal:                         250.60 |
| Tax:                               20.67 |
| Total:                            271.27 |
+------------------------------------------+
+------------------------------------------+
| Invoice for TEAM42                       |
+------------------------------------------+
| Item         Qty     Price     Subtotal  |
+------------------------------------------+
| Sensor        8       3.75       30.00   |
| Hub           2      14.50       29.00   |
| Axle         10       1.20       12.00   |
| Bolt         25       0.45       11.25   |
| Panel         4       6.80       27.20   |
+------------------------------------------+
| Subtotal:                         109.45 |
| Tax:                                9.03 |
| Total:                            118.48 |
+------------------------------------------+
