58 -> LVIII
1235 -> MCCXXXV
2023 -> MMXXIII
1776 -> MDCCLXXVI
3888 -> MMMDCCCLXXXVIII
1974 -> MCMLXXIV
949 -> CMXLIX
19 -> XIX
1 -> I
5 -> V
10 -> X
50 -> L
100 -> C
500 -> D
1000 -> M
2 -> II
20 -> XX
200 -> CC
2000 -> MM
3 -> III
30 -> XXX
300 -> CCC
3000 -> MMM
6 -> VI
11 -> XI
15 -> XV
51 -> LI
55 -> LV
60 -> LX
101 -> CI
105 -> CV
110 -> CX
150 -> CL
501 -> DI
505 -> DV
510 -> DX
550 -> DL
600 -> DC
1001 -> MI
1005 -> MV
1010 -> MX
1050 -> ML
1100 -> MC
1500 -> MD
4 -> IV
9 -> IX
40 -> XL
90 -> XC
400 -> CD
900 -> CM
2525 -> MMDXXV
1923 -> MCMXXIII
1999 -> MCMXCIX
1444 -> MCDXLIV
3999 -> MMMCMXCIX
2407 -> MMCDVII
1084 -> MLXXXIV
2600 -> MMDC
1331 -> MCCCXXXI
