Software Engineer:
1: Neil Neil
2: Beatrice Bengal
3: Jonathan Majors

Accountant:
1: Donald Duck
2: Bonnie Armstrong

Manager:
1: Jeffrey Bezos
2: Jonathan Bezos
3: Joseph Bezos

Accountant II:
1: Donald Duck

Embedded Engineer:
1: Neil Neil
2: Dan Daniels

Intern:
1: Jeffrey Bezos
2: Jonathan Bezos
3: Joseph Bezos

Software Engineer II:
1: Jonathan Majors

Janitor:
1: Donald Duck
2: Goofy Goober
3: Lebron James

Senior Software Engineer:
No Applicants meet Requirements.

Secretary:
1: Donald Duck
2: Lebron James
3: Bonnie Armstrong
