HOMEWORK 1
Monica Chan: 98
Aayush Targaryen: 96
Elsa Vu: 96
MEAN SCORE: 80.55
MEDIAN SCORE: 83.0

EXAM - DIGITAL LOGIC
Samantha Vu: 99
Tina Parker: 98
David O'neal: 96
MEAN SCORE: 80.87
MEDIAN SCORE: 83.0

MACHINE LEARNING PROJECT PRELIMINARY EVALUATION
Bobbi America: 100
Tina Davis: 90
Hunter Targaryen: 89
MEAN SCORE: 78.06
MEDIAN SCORE: 77.0

HW2
James Targaryen: 97
Shaquille Chan: 70
Phyllis Hamilton: 61
MEAN SCORE: 37.44
MEDIAN SCORE: 28.0

AUTOMATA THEORY EXAM 2
Grady Skywalker: 99
Tina Chan: 94
Shaquille Ketchum: 89
MEAN SCORE: 47.11
MEDIAN SCORE: 49.0

PROBABILITY HOMEWORK 9
Jack Bryant: 93
Hunter Bryant: 92
Charles America: 89
MEAN SCORE: 42.56
MEDIAN SCORE: 37.0

MACHINE LEARNING PROJECT REPORT
Charles Washington: 98
Shaquille America: 96
Angela Gates: 91
MEAN SCORE: 67.20
MEDIAN SCORE: 83.5

MACHINE LEARNING PROJECT FINAL EVALUATION
Charlie George: 99
Darrell George: 98
Aayush Lee: 61
MEAN SCORE: 51.89
MEDIAN SCORE: 48.0

COMPUTER AND NETWORK SECURITY MIDTERM EXAMINATION
Aayush Galo: 94
Benjamin Galo: 82
Charlie Targaryen: 64
MEAN SCORE: 43.00
MEDIAN SCORE: 42.5

SOFTWARE ENGINEERING ASSESSMENT
Jack Davis: 99
Benjamin Adams: 93
Henry George: 87
MEAN SCORE: 43.19
MEDIAN SCORE: 41.0

OPERATING SYSTEMS PROJECT CHECKPOINT 2
Elsa Armstrong: 97
Elsa O'reilly: 96
Samantha O'reilly: 95
MEAN SCORE: 51.50
MEDIAN SCORE: 60.0

THEATRE PROJECT
Tina Anderson: 95
Elsa Jefferson: 95
Charles Washington: 91
MEAN SCORE: 53.28
MEDIAN SCORE: 58.0

US GOVERNMENT HOMEWORK 4
Cameron Galo: 87
Aayush Parker: 87
Cameron O'neal: 86
MEAN SCORE: 45.69
MEDIAN SCORE: 46.0

ELECTRICITY AND MAGNETISM EXAM 3
Cameron America: 98
Tristan Johnson: 90
Darrell George: 73
MEAN SCORE: 50.85
MEDIAN SCORE: 45.0

MACHINE LEARNING FINAL EXAM
Bobbi O'neal: 99
Samantha Targaryen: 99
Jack Armstrong: 97
MEAN SCORE: 53.67
MEDIAN SCORE: 57.0
