  -35.00   56.00   24.00  -31.00   -7.00
   -4.40    7.20
    1.40
=========================
   39.50  -29.33  -34.50
   10.33    2.33  -54.00   -3.67   15.67  -19.33
   -8.11
=========================
    0.57  -15.00  -35.71   17.29    2.57   38.00  -30.00
   22.43    7.43  -12.86   44.43  -38.00   -9.57  -36.14
   -3.18
=========================
   -9.50   72.50
   27.50   35.50
   31.50
=========================
  -31.20    6.20   14.50   20.00  -26.20    4.60   26.00  -15.90   13.40  -37.60
  -18.50  -23.50   -1.60  -10.90   18.20   -8.60   15.50  -10.60   10.50    3.30
   -2.62
=========================
  -29.71   23.43
  -24.00   39.50   17.50   39.50   25.00  -32.00  -87.50
   -3.14
=========================
    4.67   39.67  -56.33
    2.67    7.33  -22.00
   -4.00
=========================
