Temp   80.0  85.0  90.0  95.0 100.0 105.0 110.0 115.0 120.0 125.0
Humid ===============================================================================================
 20.0  78.6  82.0  86.3  91.5  97.5 104.3 112.0 120.5 129.9
 25.0  78.9  82.4  87.0  92.7  99.6 107.6 116.8 127.1 138.5
 30.0  79.2  82.9  87.9  94.4 102.3 111.6 122.3 134.5
 35.0  79.5  83.5  89.2  96.5 105.5 116.2 128.6
 40.0  79.9  84.3  90.7  99.0 109.3 121.5 135.7
 45.0  80.3  85.3  92.5 101.9 113.5 127.4
 50.0  80.8  86.5  94.6 105.2 118.3 133.9
 55.0  81.3  87.8  97.0 108.9 123.6
 60.0  81.8  89.3  99.7 113.1 129.5
 65.0  82.4  90.9 102.7 117.6 135.9
 70.0  83.0  92.7 105.9 122.6
 75.0  83.6  94.7 109.5 128.0
 80.0  84.2  96.8 113.3 133.8
 85.0  84.9  99.1 117.5 140.0
 90.0  86.3 101.8 121.6
 95.0  87.8 104.6 126.0
100.0  89.3 107.6 130.7
==============================
Temp   80.0  84.5  89.0  93.5  98.0 102.5 107.0 111.5 116.0 120.5 125.0
Humid ===============================================================================================
 20.0  78.6  81.7  85.4  89.8  95.0 100.8 107.3 114.5 122.3 130.9
 27.5  79.0  82.2  86.4  91.6  97.8 105.1 113.4 122.7 133.1
 35.0  79.5  83.0  87.9  94.1 101.7 110.7 121.0 132.7
 42.5  80.1  84.2  90.0  97.5 106.7 117.6 130.1
 50.0  80.8  85.8  92.8 101.8 112.8 125.8
 57.5  81.5  87.7  96.1 106.9 119.9 135.3
 65.0  82.4  89.9 100.0 112.8 128.2
 72.5  83.3  92.5 104.6 119.6 137.5
 80.0  84.2  95.4 109.7 127.2
 87.5  85.6  98.8 115.3 135.4
 95.0  87.8 102.7 121.4
==============================
Temp   80.0  83.0  86.0  89.0  92.0  95.0  98.0 101.0 104.0 107.0 110.0 113.0 116.0 119.0 122.0 125.0
Humid ===============================================================================================
 20.0  78.6  80.6  82.8  85.4  88.3  91.5  95.0  98.8 102.9 107.3 112.0 117.0 122.3 128.0 133.9
 30.0  79.2  81.2  83.8  86.8  90.4  94.4  99.0 104.1 109.6 115.7 122.3 129.4 137.1
 40.0  79.9  82.3  85.4  89.3  93.8  99.0 104.9 111.5 118.9 126.9 135.7
 50.0  80.8  83.9  87.9  92.8  98.5 105.2 112.8 121.2 130.6
 60.0  81.8  85.9  91.1  97.4 104.7 113.1 122.6 133.1
 70.0  83.0  88.4  95.1 103.0 112.2 122.6 134.3
 80.0  84.2  91.3  99.8 109.7 121.0 133.8
 90.0  86.3  95.1 105.4 117.3 130.8
100.0  89.3  99.7 111.8 125.7
==============================
Temp   80.0  82.5  85.0  87.5  90.0  92.5  95.0  97.5 100.0 102.5 105.0 107.5 110.0 112.5 115.0 117.5 120.0 122.5 125.0
Humid ===============================================================================================
 20.0  78.6  80.2  82.0  84.1  86.3  88.8  91.5  94.4  97.5 100.8 104.3 108.1 112.0 116.2 120.5 125.1 129.9 134.9
 22.5  78.7  80.3  82.2  84.3  86.6  89.2  92.1  95.1  98.5 102.1 105.9 110.0 114.3 118.9 123.7 128.8 134.1 139.6
 25.0  78.9  80.5  82.4  84.5  87.0  89.7  92.7  96.0  99.6 103.5 107.6 112.1 116.8 121.8 127.1 132.6 138.5
 27.5  79.0  80.6  82.6  84.8  87.4  90.3  93.5  97.1 100.9 105.1 109.6 114.4 119.5 124.9 130.7 136.7
 30.0  79.2  80.8  82.9  85.2  87.9  91.0  94.4  98.2 102.3 106.8 111.6 116.8 122.3 128.2 134.5
 32.5  79.4  81.1  83.2  85.6  88.5  91.8  95.4  99.4 103.8 108.7 113.8 119.4 125.4 131.7 138.5
 35.0  79.5  81.3  83.5  86.1  89.2  92.6  96.5 100.8 105.5 110.7 116.2 122.2 128.6 135.5
 37.5  79.7  81.6  83.9  86.7  89.9  93.6  97.7 102.3 107.3 112.8 118.8 125.2 132.0 139.4
 40.0  79.9  81.9  84.3  87.3  90.7  94.6  99.0 103.9 109.3 115.1 121.5 128.3 135.7
 42.5  80.1  82.2  84.8  87.9  91.5  95.7 100.4 105.6 111.3 117.6 124.3 131.6 139.5
 45.0  80.3  82.6  85.3  88.6  92.5  96.9 101.9 107.4 113.5 120.2 127.4 135.1
 47.5  80.6  82.9  85.9  89.4  93.5  98.2 103.5 109.4 115.9 122.9 130.6 138.8
 50.0  80.8  83.3  86.5  90.2  94.6  99.6 105.2 111.5 118.3 125.8 133.9
 52.5  81.0  83.7  87.1  91.1  95.8 101.1 107.0 113.6 120.9 128.8 137.4
 55.0  81.3  84.2  87.8  92.0  97.0 102.6 108.9 116.0 123.6 132.0
 57.5  81.5  84.7  88.5  93.0  98.3 104.3 111.0 118.4 126.5 135.3
 60.0  81.8  85.2  89.3  94.1  99.7 106.0 113.1 120.9 129.5 138.8
 62.5  82.1  85.7  90.1  95.2 101.1 107.8 115.3 123.6 132.6
 65.0  82.4  86.2  90.9  96.4 102.7 109.7 117.6 126.4 135.9
 67.5  82.7  86.8  91.8  97.6 104.3 111.7 120.1 129.2 139.3
 70.0  83.0  87.4  92.7  98.9 105.9 113.8 122.6 132.3
 72.5  83.3  88.0  93.7 100.2 107.7 116.0 125.3 135.4
 75.0  83.6  88.7  94.7 101.6 109.5 118.3 128.0 138.6
 77.5  83.9  89.3  95.7 103.1 111.4 120.6 130.8
 80.0  84.2  90.0  96.8 104.6 113.3 123.1 133.8
 82.5  84.6  90.8  97.9 106.1 115.4 125.6 136.8
 85.0  84.9  91.5  99.1 107.8 117.5 128.2 140.0
 87.5  85.6  92.5 100.4 109.4 119.5 130.6
 90.0  86.3  93.5 101.8 111.1 121.6 133.2
 92.5  87.1  94.6 103.2 112.9 123.8 135.8
 95.0  87.8  95.6 104.6 114.7 126.0 138.5
 97.5  88.5  96.7 106.1 116.6 128.3
100.0  89.3  97.8 107.6 118.6 130.7
==============================
Temp   80.0  90.0 100.0 110.0 120.0
Humid ===============================================================================================
 20.0  78.6  86.3  97.5 112.0 129.9
 30.0  79.2  87.9 102.3 122.3
 40.0  79.9  90.7 109.3 135.7
 50.0  80.8  94.6 118.3
 60.0  81.8  99.7 129.5
 70.0  83.0 105.9
 80.0  84.2 113.3
 90.0  86.3 121.6
100.0  89.3 130.7
==============================
Temp   80.0  87.5  95.0 102.5 110.0 117.5 125.0
Humid ===============================================================================================
 20.0  78.6  84.1  91.5 100.8 112.0 125.1
 25.5  78.9  84.6  92.9 103.8 117.3 133.4
 31.0  79.3  85.4  94.8 107.5 123.5
 36.5  79.7  86.4  97.2 111.9 130.7
 42.0  80.1  87.8 100.1 117.1 138.7
 47.5  80.6  89.4 103.5 122.9
 53.0  81.1  91.3 107.4 129.5
 58.5  81.7  93.5 111.8 136.7
 64.0  82.3  95.9 116.7
 69.5  82.9  98.6 122.1
 75.0  83.6 101.6 128.0
 80.5  84.3 104.9 134.4
 86.0  85.2 108.4
 91.5  86.8 112.2
 97.0  88.4 116.2
==============================
Temp   80.0  88.5  97.0 105.5 114.0 122.5
Humid ===============================================================================================
 20.0  78.6  85.0  93.8 105.0 118.8 134.9
 23.3  78.8  85.3  94.8 107.3 122.7
 26.6  79.0  85.7  96.0 109.8 127.1
 29.9  79.2  86.2  97.4 112.5 131.8
 33.2  79.4  86.9  98.9 115.6 136.8
 36.5  79.7  87.6 100.7 118.9
 39.8  79.9  88.5 102.7 122.6
 43.1  80.2  89.5 104.9 126.5
 46.4  80.5  90.6 107.3 130.7
 49.7  80.8  91.8 109.9 135.2
 53.0  81.1  93.1 112.7 139.9
 56.3  81.4  94.5 115.7
 59.6  81.8  96.0 118.9
 62.9  82.1  97.7 122.3
 66.2  82.5  99.4 125.9
 69.5  82.9 101.3 129.7
 72.8  83.3 103.3 133.7
 76.1  83.7 105.4 137.9
 79.4  84.2 107.6
 82.7  84.6 109.9
 86.0  85.2 112.2
 89.3  86.1 114.7
 92.6  87.1 117.2
 95.9  88.1 119.9
 99.2  89.0 122.6
==============================
Temp   80.0  89.0  98.0 107.0 116.0 125.0
Humid ===============================================================================================
 20.0  78.6  85.4  95.0 107.3 122.3
 26.5  79.0  86.2  97.4 112.5 131.5
 33.0  79.4  87.4 100.6 118.8
 39.5  79.9  89.1 104.6 126.3
 46.0  80.4  91.2 109.4 134.9
 52.5  81.0  93.8 115.0
 59.0  81.7  96.8 121.5
 65.5  82.4 100.3 128.8
 72.0  83.2 104.3 136.9
 78.5  84.0 108.6
 85.0  84.9 113.5
 91.5  86.8 118.5
 98.0  88.7 124.0
==============================
Temp   80.0  90.0 100.0 110.0 120.0
Humid ===============================================================================================
 20.0  78.6  86.3  97.5 112.0 129.9
 30.0  79.2  87.9 102.3 122.3
 40.0  79.9  90.7 109.3 135.7
 50.0  80.8  94.6 118.3
 60.0  81.8  99.7 129.5
 70.0  83.0 105.9
 80.0  84.2 113.3
 90.0  86.3 121.6
100.0  89.3 130.7
==============================
Temp   80.0  81.0  82.0  83.0  84.0  85.0  86.0  87.0  88.0  89.0  90.0  91.0  92.0  93.0  94.0  95.0  96.0  97.0  98.0  99.0 100.0 101.0 102.0 103.0 104.0 105.0 106.0 107.0 108.0 109.0 110.0 111.0 112.0 113.0 114.0 115.0 116.0 117.0 118.0 119.0 120.0 121.0 122.0 123.0 124.0 125.0
Humid ===============================================================================================
 20.0  78.6  79.2  79.9  80.6  81.3  82.0  82.8  83.7  84.5  85.4  86.3  87.3  88.3  89.3  90.4  91.5  92.6  93.8  95.0  96.2  97.5  98.8 100.1 101.5 102.9 104.3 105.8 107.3 108.8 110.4 112.0 113.6 115.3 117.0 118.8 120.5 122.3 124.2 126.1 128.0 129.9 131.9 133.9 136.0 138.0
 21.0  78.6  79.3  79.9  80.6  81.3  82.1  82.9  83.7  84.6  85.5  86.4  87.4  88.4  89.5  90.6  91.7  92.9  94.1  95.3  96.6  97.9  99.2 100.6 102.0 103.4 104.9 106.5 108.0 109.6 111.2 112.9 114.6 116.3 118.1 119.9 121.8 123.7 125.6 127.5 129.5 131.6 133.6 135.7 137.9
 22.0  78.7  79.3  80.0  80.7  81.4  82.1  83.0  83.8  84.7  85.6  86.6  87.6  88.6  89.7  90.8  91.9  93.1  94.4  95.6  96.9  98.3  99.7 101.1 102.5 104.0 105.6 107.1 108.8 110.4 112.1 113.8 115.6 117.4 119.2 121.1 123.1 125.0 127.0 129.0 131.1 133.2 135.4 137.6 139.8
 23.0  78.8  79.4  80.0  80.7  81.4  82.2  83.0  83.9  84.8  85.7  86.7  87.7  88.8  89.9  91.0  92.2  93.4  94.7  96.0  97.3  98.7 100.1 101.6 103.1 104.6 106.2 107.9 109.5 111.2 113.0 114.8 116.6 118.5 120.4 122.4 124.4 126.4 128.5 130.6 132.7 134.9 137.2 139.5
 24.0  78.8  79.4  80.1  80.8  81.5  82.3  83.1  84.0  84.9  85.8  86.8  87.9  89.0  90.1  91.2  92.5  93.7  95.0  96.3  97.7  99.2 100.6 102.1 103.7 105.3 106.9 108.6 110.3 112.1 113.9 115.8 117.7 119.6 121.6 123.6 125.7 127.8 130.0 132.2 134.4 136.7 139.0
 25.0  78.9  79.5  80.1  80.8  81.6  82.4  83.2  84.1  85.0  86.0  87.0  88.0  89.2  90.3  91.5  92.7  94.0  95.4  96.7  98.2  99.6 101.1 102.7 104.3 106.0 107.6 109.4 111.2 113.0 114.9 116.8 118.8 120.8 122.8 124.9 127.1 129.3 131.5 133.8 136.1 138.5
 26.0  78.9  79.5  80.2  80.9  81.6  82.4  83.3  84.2  85.1  86.1  87.2  88.2  89.4  90.5  91.8  93.0  94.4  95.7  97.1  98.6 100.1 101.7 103.3 104.9 106.6 108.4 110.2 112.0 113.9 115.9 117.8 119.9 122.0 124.1 126.3 128.5 130.8 133.1 135.4 137.9
 27.0  79.0  79.6  80.3  81.0  81.7  82.5  83.4  84.3  85.3  86.3  87.3  88.4  89.6  90.8  92.1  93.4  94.7  96.1  97.6  99.1 100.6 102.2 103.9 105.6 107.4 109.2 111.0 112.9 114.9 116.9 118.9 121.0 123.2 125.4 127.6 129.9 132.3 134.7 137.1 139.6
 28.0  79.1  79.7  80.3  81.0  81.8  82.6  83.5  84.4  85.4  86.4  87.5  88.6  89.8  91.1  92.4  93.7  95.1  96.5  98.0  99.6 101.2 102.8 104.5 106.3 108.1 110.0 111.9 113.8 115.8 117.9 120.0 122.2 124.4 126.7 129.0 131.4 133.8 136.3 138.9
 29.0  79.1  79.7  80.4  81.1  81.9  82.7  83.6  84.6  85.6  86.6  87.7  88.9  90.1  91.3  92.7  94.0  95.5  97.0  98.5 100.1 101.7 103.4 105.2 107.0 108.9 110.8 112.7 114.8 116.8 119.0 121.2 123.4 125.7 128.1 130.5 132.9 135.4 138.0
 30.0  79.2  79.8  80.5  81.2  82.0  82.9  83.8  84.7  85.7  86.8  87.9  89.1  90.4  91.6  93.0  94.4  95.9  97.4  99.0 100.6 102.3 104.1 105.9 107.7 109.6 111.6 113.6 115.7 117.9 120.1 122.3 124.7 127.0 129.4 131.9 134.5 137.1 139.7
 31.0  79.3  79.9  80.6  81.3  82.1  83.0  83.9  84.9  85.9  87.0  88.1  89.4  90.6  92.0  93.3  94.8  96.3  97.9  99.5 101.2 102.9 104.7 106.6 108.5 110.5 112.5 114.6 116.7 118.9 121.2 123.5 125.9 128.4 130.9 133.4 136.0 138.7
 32.0  79.3  80.0  80.7  81.4  82.2  83.1  84.0  85.0  86.1  87.2  88.4  89.6  90.9  92.3  93.7  95.2  96.7  98.3 100.0 101.7 103.5 105.4 107.3 109.3 111.3 113.4 115.5 117.8 120.0 122.4 124.8 127.2 129.7 132.3 135.0 137.7
 33.0  79.4  80.0  80.7  81.5  82.3  83.2  84.2  85.2  86.3  87.4  88.6  89.9  91.2  92.6  94.1  95.6  97.2  98.8 100.6 102.3 104.2 106.1 108.0 110.1 112.2 114.3 116.5 118.8 121.1 123.6 126.0 128.6 131.1 133.8 136.5 139.3
 34.0  79.5  80.1  80.8  81.6  82.5  83.4  84.3  85.4  86.5  87.7  88.9  90.2  91.6  93.0  94.5  96.0  97.7  99.4 101.1 102.9 104.8 106.8 108.8 110.9 113.0 115.3 117.5 119.9 122.3 124.8 127.3 129.9 132.6 135.3 138.1
 35.0  79.5  80.2  80.9  81.7  82.6  83.5  84.5  85.6  86.7  87.9  89.2  90.5  91.9  93.4  94.9  96.5  98.2  99.9 101.7 103.6 105.5 107.5 109.6 111.7 114.0 116.2 118.6 121.0 123.5 126.0 128.6 131.3 134.1 136.9 139.8
 36.0  79.6  80.3  81.0  81.8  82.7  83.7  84.7  85.8  86.9  88.1  89.4  90.8  92.2  93.7  95.3  97.0  98.7 100.5 102.3 104.2 106.2 108.3 110.4 112.6 114.9 117.2 119.6 122.1 124.7 127.3 130.0 132.7 135.6 138.5
 37.0  79.7  80.4  81.1  82.0  82.8  83.8  84.9  86.0  87.1  88.4  89.7  91.1  92.6  94.1  95.8  97.4  99.2 101.0 102.9 104.9 106.9 109.1 111.3 113.5 115.8 118.3 120.7 123.3 125.9 128.6 131.3 134.2 137.1
 38.0  79.8  80.5  81.2  82.1  83.0  84.0  85.0  86.2  87.4  88.7  90.0  91.5  93.0  94.6  96.2  97.9  99.7 101.6 103.6 105.6 107.7 109.9 112.1 114.4 116.8 119.3 121.8 124.5 127.2 129.9 132.8 135.7 138.7
 39.0  79.8  80.6  81.3  82.2  83.1  84.1  85.2  86.4  87.6  89.0  90.4  91.8  93.4  95.0  96.7  98.5 100.3 102.2 104.2 106.3 108.5 110.7 113.0 115.4 117.8 120.4 123.0 125.7 128.4 131.3 134.2 137.2
 40.0  79.9  80.7  81.5  82.3  83.3  84.3  85.4  86.6  87.9  89.3  90.7  92.2  93.8  95.4  97.2  99.0 100.9 102.9 104.9 107.0 109.3 111.5 113.9 116.4 118.9 121.5 124.2 126.9 129.8 132.7 135.7 138.7
 41.0  80.0  80.7  81.6  82.5  83.4  84.5  85.7  86.9  88.2  89.6  91.0  92.6  94.2  95.9  97.7  99.5 101.5 103.5 105.6 107.8 110.1 112.4 114.8 117.3 119.9 122.6 125.4 128.2 131.1 134.1 137.2
 42.0  80.1  80.8  81.7  82.6  83.6  84.7  85.9  87.1  88.5  89.9  91.4  93.0  94.6  96.4  98.2 100.1 102.1 104.2 106.3 108.6 110.9 113.3 115.8 118.4 121.0 123.8 126.6 129.5 132.5 135.5 138.7
 43.0  80.2  81.0  81.8  82.8  83.8  84.9  86.1  87.4  88.7  90.2  91.7  93.4  95.1  96.8  98.7 100.7 102.7 104.9 107.1 109.4 111.8 114.2 116.8 119.4 122.1 124.9 127.8 130.8 133.9 137.0
 44.0  80.3  81.1  81.9  82.9  84.0  85.1  86.3  87.6  89.0  90.5  92.1  93.8  95.5  97.4  99.3 101.3 103.4 105.6 107.8 110.2 112.6 115.2 117.8 120.5 123.3 126.1 129.1 132.2 135.3 138.5
 45.0  80.3  81.2  82.1  83.1  84.1  85.3  86.6  87.9  89.4  90.9  92.5  94.2  96.0  97.9  99.8 101.9 104.0 106.3 108.6 111.0 113.5 116.1 118.8 121.6 124.4 127.4 130.4 133.5 136.7
 46.0  80.4  81.3  82.2  83.2  84.3  85.5  86.8  88.2  89.7  91.2  92.9  94.6  96.5  98.4 100.4 102.5 104.7 107.0 109.4 111.9 114.4 117.1 119.8 122.7 125.6 128.6 131.7 134.9 138.2
 47.0  80.5  81.4  82.3  83.4  84.5  85.8  87.1  88.5  90.0  91.6  93.3  95.1  97.0  98.9 101.0 103.2 105.4 107.8 110.2 112.7 115.4 118.1 120.9 123.8 126.8 129.9 133.1 136.4 139.7
 48.0  80.6  81.5  82.5  83.5  84.7  86.0  87.3  88.8  90.3  92.0  93.7  95.6  97.5  99.5 101.6 103.8 106.1 108.6 111.1 113.6 116.3 119.1 122.0 125.0 128.0 131.2 134.5 137.8
 49.0  80.7  81.6  82.6  83.7  84.9  86.2  87.6  89.1  90.7  92.4  94.2  96.0  98.0 100.1 102.3 104.5 106.9 109.3 111.9 114.6 117.3 120.2 123.1 126.2 129.3 132.5 135.9 139.3
 50.0  80.8  81.7  82.8  83.9  85.1  86.5  87.9  89.4  91.0  92.8  94.6  96.5  98.5 100.7 102.9 105.2 107.6 110.2 112.8 115.5 118.3 121.2 124.3 127.4 130.6 133.9 137.3
 51.0  80.9  81.9  82.9  84.1  85.3  86.7  88.2  89.7  91.4  93.2  95.1  97.0  99.1 101.3 103.6 105.9 108.4 111.0 113.7 116.5 119.3 122.3 125.4 128.6 131.9 135.3 138.8
 52.0  81.0  82.0  83.1  84.3  85.6  87.0  88.5  90.1  91.8  93.6  95.5  97.5  99.7 101.9 104.2 106.7 109.2 111.8 114.6 117.4 120.4 123.4 126.6 129.9 133.2 136.7
 53.0  81.1  82.1  83.2  84.5  85.8  87.2  88.8  90.4  92.2  94.0  96.0  98.1 100.2 102.5 104.9 107.4 110.0 112.7 115.5 118.4 121.4 124.6 127.8 131.1 134.6 138.1
 54.0  81.2  82.2  83.4  84.7  86.0  87.5  89.1  90.8  92.6  94.5  96.5  98.6 100.8 103.2 105.6 108.2 110.8 113.6 116.5 119.4 122.5 125.7 129.0 132.4 136.0 139.6
 55.0  81.3  82.4  83.6  84.9  86.3  87.8  89.4  91.1  93.0  94.9  97.0  99.2 101.4 103.8 106.3 108.9 111.7 114.5 117.4 120.5 123.6 126.9 130.3 133.8 137.4
 56.0  81.4  82.5  83.7  85.1  86.5  88.1  89.7  91.5  93.4  95.4  97.5  99.7 102.1 104.5 107.1 109.7 112.5 115.4 118.4 121.5 124.8 128.1 131.6 135.1 138.8
 57.0  81.5  82.6  83.9  85.3  86.7  88.3  90.1  91.9  93.8  95.9  98.0 100.3 102.7 105.2 107.8 110.6 113.4 116.4 119.4 122.6 125.9 129.3 132.9 136.5
 58.0  81.6  82.8  84.1  85.5  87.0  88.6  90.4  92.3  94.3  96.4  98.6 100.9 103.3 105.9 108.6 111.4 114.3 117.3 120.5 123.7 127.1 130.6 134.2 137.9
 59.0  81.7  82.9  84.2  85.7  87.3  88.9  90.7  92.7  94.7  96.8  99.1 101.5 104.0 106.6 109.4 112.2 115.2 118.3 121.5 124.8 128.3 131.8 135.5 139.3
 60.0  81.8  83.1  84.4  85.9  87.5  89.3  91.1  93.1  95.1  97.4  99.7 102.1 104.7 107.4 110.2 113.1 116.1 119.3 122.6 126.0 129.5 133.1 136.9
 61.0  81.9  83.2  84.6  86.1  87.8  89.6  91.5  93.5  95.6  97.9 100.2 102.8 105.4 108.1 111.0 114.0 117.1 120.3 123.7 127.1 130.7 134.4 138.3
 62.0  82.0  83.4  84.8  86.4  88.1  89.9  91.8  93.9  96.1  98.4 100.8 103.4 106.1 108.9 111.8 114.9 118.0 121.3 124.8 128.3 132.0 135.8 139.7
 63.0  82.1  83.5  85.0  86.6  88.4  90.2  92.2  94.3  96.6  98.9 101.4 104.0 106.8 109.7 112.7 115.8 119.0 122.4 125.9 129.5 133.3 137.1
 64.0  82.3  83.7  85.2  86.9  88.6  90.6  92.6  94.8  97.1  99.5 102.0 104.7 107.5 110.5 113.5 116.7 120.0 123.5 127.0 130.7 134.5 138.5
 65.0  82.4  83.8  85.4  87.1  88.9  90.9  93.0  95.2  97.6 100.0 102.7 105.4 108.3 111.3 114.4 117.6 121.0 124.5 128.2 132.0 135.9 139.9
 66.0  82.5  84.0  85.6  87.3  89.2  91.2  93.4  95.7  98.1 100.6 103.3 106.1 109.0 112.1 115.3 118.6 122.1 125.7 129.4 133.2 137.2
 67.0  82.6  84.1  85.8  87.6  89.5  91.6  93.8  96.1  98.6 101.2 103.9 106.8 109.8 112.9 116.2 119.6 123.1 126.8 130.6 134.5 138.6
 68.0  82.7  84.3  86.0  87.9  89.8  92.0  94.2  96.6  99.1 101.8 104.6 107.5 110.6 113.8 117.1 120.6 124.2 127.9 131.8 135.8 139.9
 69.0  82.8  84.5  86.2  88.1  90.2  92.3  94.6  97.1  99.7 102.4 105.2 108.2 111.4 114.6 118.0 121.6 125.3 129.1 133.0 137.1
 70.0  83.0  84.6  86.4  88.4  90.5  92.7  95.1  97.6 100.2 103.0 105.9 109.0 112.2 115.5 119.0 122.6 126.4 130.3 134.3 138.5
 71.0  83.1  84.8  86.7  88.7  90.8  93.1  95.5  98.1 100.8 103.6 106.6 109.7 113.0 116.4 120.0 123.7 127.5 131.5 135.6 139.8
 72.0  83.2  85.0  86.9  88.9  91.1  93.5  96.0  98.6 101.3 104.3 107.3 110.5 113.8 117.3 120.9 124.7 128.6 132.7 136.9
 73.0  83.3  85.1  87.1  89.2  91.5  93.9  96.4  99.1 101.9 104.9 108.0 111.3 114.7 118.3 121.9 125.8 129.8 133.9 138.2
 74.0  83.4  85.3  87.3  89.5  91.8  94.3  96.9  99.6 102.5 105.6 108.7 112.1 115.6 119.2 123.0 126.9 131.0 135.2 139.5
 75.0  83.6  85.5  87.6  89.8  92.2  94.7  97.3 100.2 103.1 106.2 109.5 112.9 116.4 120.1 124.0 128.0 132.1 136.4
 76.0  83.7  85.7  87.8  90.1  92.5  95.1  97.8 100.7 103.7 106.9 110.2 113.7 117.3 121.1 125.0 129.1 133.3 137.7
 77.0  83.8  85.9  88.0  90.4  92.9  95.5  98.3 101.2 104.3 107.6 111.0 114.5 118.2 122.1 126.1 130.3 134.6 139.0
 78.0  84.0  86.1  88.3  90.7  93.2  95.9  98.8 101.8 105.0 108.3 111.8 115.4 119.2 123.1 127.2 131.4 135.8
 79.0  84.1  86.2  88.5  91.0  93.6  96.4  99.3 102.4 105.6 109.0 112.5 116.2 120.1 124.1 128.3 132.6 137.1
 80.0  84.2  86.4  88.8  91.3  94.0  96.8  99.8 102.9 106.3 109.7 113.3 117.1 121.0 125.1 129.4 133.8 138.3
 81.0  84.4  86.6  89.0  91.6  94.4  97.3 100.3 103.5 106.9 110.4 114.1 118.0 122.0 126.2 130.5 135.0 139.6
 82.0  84.5  86.8  89.3  91.9  94.7  97.7 100.8 104.1 107.6 111.2 115.0 118.9 123.0 127.2 131.6 136.2
 83.0  84.6  87.0  89.6  92.3  95.1  98.2 101.4 104.7 108.2 111.9 115.8 119.8 124.0 128.3 132.8 137.5
 84.0  84.8  87.2  89.8  92.6  95.5  98.6 101.9 105.3 108.9 112.7 116.6 120.7 125.0 129.4 134.0 138.7
 85.0  84.9  87.4  90.1  92.9  95.9  99.1 102.5 106.0 109.6 113.5 117.5 121.6 126.0 130.5 135.2 140.0
 86.0  85.2  87.8  90.5  93.4  96.4  99.6 103.0 106.6 110.3 114.2 118.3 122.5 126.9 131.5 136.2
 87.0  85.5  88.1  90.8  93.8  96.9 100.2 103.6 107.2 111.0 115.0 119.1 123.4 127.8 132.5 137.3
 88.0  85.8  88.4  91.2  94.2  97.4 100.7 104.2 107.9 111.7 115.7 119.9 124.3 128.8 133.5 138.4
 89.0  86.1  88.7  91.6  94.6  97.9 101.2 104.8 108.5 112.4 116.5 120.8 125.2 129.8 134.5 139.5
 90.0  86.3  89.1  92.0  95.1  98.3 101.8 105.4 109.2 113.1 117.3 121.6 126.1 130.8 135.6
 91.0  86.6  89.4  92.4  95.5  98.8 102.3 106.0 109.9 113.9 118.1 122.5 127.0 131.8 136.7
 92.0  86.9  89.8  92.8  96.0  99.3 102.9 106.6 110.5 114.6 118.9 123.3 128.0 132.8 137.7
 93.0  87.2  90.1  93.2  96.4  99.8 103.5 107.3 111.2 115.4 119.7 124.2 128.9 133.8 138.8
 94.0  87.5  90.4  93.6  96.9 100.4 104.0 107.9 111.9 116.1 120.5 125.1 129.9 134.8 140.0
 95.0  87.8  90.8  94.0  97.3 100.9 104.6 108.5 112.6 116.9 121.4 126.0 130.9 135.9
 96.0  88.1  91.1  94.4  97.8 101.4 105.2 109.2 113.3 117.7 122.2 126.9 131.8 136.9
 97.0  88.4  91.5  94.8  98.3 101.9 105.8 109.8 114.1 118.5 123.1 127.9 132.9 138.0
 98.0  88.7  91.9  95.2  98.7 102.5 106.4 110.5 114.8 119.3 124.0 128.8 133.9 139.1
 99.0  89.0  92.2  95.6  99.2 103.0 107.0 111.2 115.5 120.1 124.8 129.8 134.9
100.0  89.3  92.6  96.0  99.7 103.6 107.6 111.8 116.3 120.9 125.7 130.7 135.9
==============================
