1:3x2
     34    -32
    -11     41
     15    -27
^^^^^^^^^^^^^^^
2:MATRIX SIZES NOT COMPATIBLE
^^^^^^^^^^^^^^^
3:5x4
    -56     24     72    -66
     53    -30    -44     24
    -57     27     18     22
    -66     30     88    -83
     50    -30    -80     85
^^^^^^^^^^^^^^^
4:MATRIX SIZES NOT COMPATIBLE
^^^^^^^^^^^^^^^
5:10x7
    -17      2    -22     12    -14      9     12
     50     14     28     -5    -11     -7     -5
    -21     14    -49    -33     -1     19    -21
     25    -48    -27      3    -23      4     18
     15     18     17     -2     10      6    -20
    -12      7      2     62    -15     23     17
     10      8     34     48     12     18    -10
      3     70    -47     14    -58     35      7
    -72    -39    -52     10      3      5     25
    -20    -43    -83    -26    -27     13     16
^^^^^^^^^^^^^^^
6:MATRIX SIZES NOT COMPATIBLE
^^^^^^^^^^^^^^^
7:5x7
      1     -7     -3    -17     12     30    -40
     16     -8      8    -16     16     48    -64
    -32      3    -23      0    -10    -42     56
     81     18     72     63    -18      0      0
     56     11     49     40    -10      6     -8
^^^^^^^^^^^^^^^
8:10x10
   9293  14385  -6450  12019   -741  11249   9245  22492   8630   3954
   3627 -15315  -1278 -17134  -8650  -1214   5107 -11302   9266  -1505
   6261   8052    271 -13750  13991  10990  10113  -2866   8470   3129
   4839  -1620   1109   -268 -25102    874   7792   4688  11214   1735
  -8808  19653    847   2837  10267   5868   9968   5385 -18268  -3997
  18849  14503  -8099   1232   4089  17147  11809  11374   3780  10654
  -4388  17254  -9309   4010  14720   2220  -3776  -1809 -15892  -7393
 -15926  14170  19366  12264 -12231   8761  16853  14976  -1949  -5012
    944  13020   2078  -7641   9260   9889   6395  -6691   3654  -6084
  11925  22483  -3302   -588  -8872  12272  12018   5477   6969   1817
^^^^^^^^^^^^^^^
9:5x8
   6728   4190   3480   3723   6221  -2501    891   5253
  -5809  -9147  -1764   4737    356 -20271  -3378  -3167
  -1774 -12955  14984 -17087   4606  -9042   4629   1953
   3008  12527 -18698  -4278  -1380  15193 -11354   5153
  -3863   3405 -10485 -11759  -2650  13978   4506 -14453
^^^^^^^^^^^^^^^
10:2x2
   3190    464
   1056  -4776
^^^^^^^^^^^^^^^
