TEST CASE #1:
DIAMETER OF THE TREE: 2
WIDTH OF THE TREE: 1
HEIGHT OF THE TREE: 2
NUMBER OF LEAVES IN THE TREE: 1
TEST CASE #2:
DIAMETER OF THE TREE: 7
WIDTH OF THE TREE: 3
HEIGHT OF THE TREE: 5
NUMBER OF LEAVES IN THE TREE: 4
TEST CASE #3:
DIAMETER OF THE TREE: 6
WIDTH OF THE TREE: 3
HEIGHT OF THE TREE: 3
NUMBER OF LEAVES IN THE TREE: 3
TEST CASE #4:
DIAMETER OF THE TREE: 12
WIDTH OF THE TREE: 8
HEIGHT OF THE TREE: 7
NUMBER OF LEAVES IN THE TREE: 11
TEST CASE #5:
DIAMETER OF THE TREE: 25
WIDTH OF THE TREE: 1
HEIGHT OF THE TREE: 25
NUMBER OF LEAVES IN THE TREE: 1
TEST CASE #6:
DIAMETER OF THE TREE: 9
WIDTH OF THE TREE: 2
HEIGHT OF THE TREE: 8
NUMBER OF LEAVES IN THE TREE: 6
TEST CASE #7:
DIAMETER OF THE TREE: 20
WIDTH OF THE TREE: 3
HEIGHT OF THE TREE: 13
NUMBER OF LEAVES IN THE TREE: 3
TEST CASE #8:
DIAMETER OF THE TREE: 9
WIDTH OF THE TREE: 2
HEIGHT OF THE TREE: 8
NUMBER OF LEAVES IN THE TREE: 5
TEST CASE #9:
DIAMETER OF THE TREE: 9
WIDTH OF THE TREE: 4
HEIGHT OF THE TREE: 5
NUMBER OF LEAVES IN THE TREE: 5
TEST CASE #10:
DIAMETER OF THE TREE: 25
WIDTH OF THE TREE: 2
HEIGHT OF THE TREE: 21
NUMBER OF LEAVES IN THE TREE: 2
TEST CASE #11:
DIAMETER OF THE TREE: 25
WIDTH OF THE TREE: 2
HEIGHT OF THE TREE: 14
NUMBER OF LEAVES IN THE TREE: 2
TEST CASE #12:
DIAMETER OF THE TREE: 13
WIDTH OF THE TREE: 4
HEIGHT OF THE TREE: 13
NUMBER OF LEAVES IN THE TREE: 4
TEST CASE #13:
DIAMETER OF THE TREE: 15
WIDTH OF THE TREE: 7
HEIGHT OF THE TREE: 8
NUMBER OF LEAVES IN THE TREE: 14
TEST CASE #14:
DIAMETER OF THE TREE: 0
WIDTH OF THE TREE: 1
HEIGHT OF THE TREE: 0
NUMBER OF LEAVES IN THE TREE: 1
TEST CASE #15:
DIAMETER OF THE TREE: 2
WIDTH OF THE TREE: 2
HEIGHT OF THE TREE: 1
NUMBER OF LEAVES IN THE TREE: 2
