1219.00
Should have picked better games...
759.86
44.80
29.72
16.68
718.56
441.45
199.32
1628.90
17.53
4011.72
37.00
9.80
3703.36
8038.66
418.08
1260.00
9.32
399.00
9.91
74.00
566.15
101.73
211.24
476.61
Should have picked better games...
889.53
1133.64
1253.55
850.00
Should have picked better games...
19.18
171.36
136.32
566.74
2787.12
1236.62
108.83
8.22
854.40
1027.20
18.66
345.96
1690.92
40.14
Should have picked better games...
16.52
Should have picked better games...
Should have picked better games...
