                             |>>>
                             |
                         _  _|_  _
                        |;|_|;|_|;|
                        \\.    .  /
                         \\:  .  /
                          ||:   |
                          ||:.  |
                          ||:  .|
                          ||:   |
                          ||: , |
                          ||:   |
                          ||: . |
                       ___||_   |___
   ___________________/             \________
  /##########################################\
 |################## 2026 ####################|
 |##########/\/\##############/\/\############|
 |#########/    \### STATE ##/    \###########|
 |########/ [] [] \## UIL #/ [] [] \##########|
 |#######|   __    |######|    __   |#########|
 |#######|  |  |   |######|   |  |  |#########|
 |#######|  |  |   |######|   |  |  |#########|
 |#######|  |__|   |######|   |__|  |#########|
 |#######|         |######|         |#########|
 |#######|    /\   |######|   /\    |#########|
 |#######|   /  \  |######|  /  \   |#########|
 |#######|__/____\_|######|_/____\__|#########|
 |#############                ###############|
 |### FINAL ###     ______     ### FINAL #####|
 |#############    |      |    ###############|
 |#### BOSS ###    |  []  |    #### BOSS #####|
 |#############    |      |    ###############|
 |### BATTLE ##    |      |    ### BATTLE ####|
 |############# ___|      |___ ###############|
 |#############/              \###############|
 |############/________________\##############|
 |############################################|
 |################# AUSTIN ###################|
 |############################################|
/______________________________________________\
  ||    ||    ||    ||    ||    ||    ||    ||
  ||____||____||____||____||____||____||____||
 /______/______/______/______/______/______/__\
