#########################
Leg 1 -> (0,8)
Leg 2 -> (5,8)
Leg 3 -> (5,5)
Leg 4 -> (12,5)
Leg 5 -> (12,9)
Leg 6 -> (6,9)
Leg 7 -> (6,-1)
Leg 8 -> (8,-1)
Leg 9 -> (8,0)
Leg 10 -> (5,0)

Final location : (5,0)
Distance       : 49
Bounds         : x = [0,12], y = [-1,9]
Commands       : N=3 S=2 E=3 W=2
#########################

#########################
Leg 1 -> (4,0)
Leg 2 -> (10,0)
Leg 3 -> (10,9)
Leg 4 -> (5,9)
Leg 5 -> (5,7)
Leg 6 -> (-3,7)
Leg 7 -> (-3,8)
Leg 8 -> (0,8)
Leg 9 -> (0,1)
Leg 10 -> (10,1)
Leg 11 -> (10,7)
Leg 12 -> (8,7)

Final location : (8,7)
Distance       : 63
Bounds         : x = [-3,10], y = [0,9]
Commands       : N=3 S=2 E=4 W=3
#########################

#########################
Leg 1 -> (0,-5)
Leg 2 -> (0,-9)
Leg 3 -> (12,-9)
Leg 4 -> (12,-6)
Leg 5 -> (5,-6)
Leg 6 -> (5,2)
Leg 7 -> (6,2)
Leg 8 -> (6,-4)
Leg 9 -> (4,-4)

Final location : (4,-4)
Distance       : 48
Bounds         : x = [0,12], y = [-9,2]
Commands       : N=2 S=3 E=2 W=2
#########################

#########################
Leg 1 -> (0,2)
Leg 2 -> (3,2)
Leg 3 -> (3,7)
Leg 4 -> (2,7)
Leg 5 -> (2,3)
Leg 6 -> (10,3)
Leg 7 -> (10,0)
Leg 8 -> (4,0)
Leg 9 -> (4,7)
Leg 10 -> (6,7)
Leg 11 -> (6,-1)
Leg 12 -> (2,-1)
Leg 13 -> (2,0)
Leg 14 -> (7,0)
Leg 15 -> (7,-2)

Final location : (7,-2)
Distance       : 61
Bounds         : x = [0,10], y = [-2,7]
Commands       : N=4 S=4 E=4 W=3
#########################
