==============
1. 07:59:55 ALPHA M1 QUEUED
2. 08:00:10 BETA M2 QUEUED
3. 08:01:00 GAMMA M5 POSTED
4. 08:02:00 GAMMA M5 START
5. 08:02:30 GAMMA M5 QUEUED
6. 08:03:00 ALPHA M1 START
7. 08:04:00 BETA M2 REPLAY
8. 08:05:30 BETA M2 START
9. 08:06:00 GAMMA M6 QUEUED
10. 08:06:00 GAMMA M6 START
11. 08:10:30 ALPHA M1 POSTED
12. 08:11:00 ALPHA M2 START
13. 08:12:00 BETA M2 POSTED
14. 08:13:00 ALPHA M2 POSTED
15. 08:14:00 BETA M3 START
16. 08:15:00 ALPHA M3 QUEUED
17. 08:16:00 GAMMA M6 TIMEOUT
18. 08:20:00 BETA M3 POSTED
19. 08:21:00 BETA M4 POSTED

Invalid Matches:
M5 -> POSTED before START on field GAMMA
M5 -> START before QUEUED on field GAMMA
M3 -> START before QUEUED on field BETA
M4 -> POSTED before START on field BETA

Replay Matches:
M2

Time Range: 07:59:55 to 08:21:00
==============

==============
1. 09:00:00 DELTA Q1 START
2. 09:00:30 EPSILON Q1 QUEUED
3. 09:01:00 DELTA Q1 POSTED
4. 09:01:30 ZETA Q5 QUEUED
5. 09:01:30 ZETA Q5 START
6. 09:02:00 DELTA Q2 QUEUED
7. 09:02:00 DELTA Q2 START
8. 09:03:00 EPSILON Q3 QUEUED
9. 09:03:30 ETA Q7 POSTED
10. 09:03:45 ETA Q7 QUEUED
11. 09:03:50 ETA Q7 START
12. 09:04:00 EPSILON Q3 START
13. 09:04:30 EPSILON Q3 POSTED
14. 09:05:00 EPSILON Q4 POSTED
15. 09:06:00 EPSILON Q4 START
16. 09:07:00 DELTA Q2 POSTED
17. 09:08:00 ZETA Q5 POSTED
18. 09:09:00 ZETA Q6 QUEUED
19. 09:10:00 DELTA Q3 REPLAY
20. 09:11:00 ZETA Q6 TIMEOUT
21. 09:12:00 ETA Q7 REPLAY
22. 09:13:00 ETA Q7 POSTED

Invalid Matches:
Q1 -> START before QUEUED on field DELTA
Q7 -> POSTED before START on field ETA
Q4 -> POSTED before START on field EPSILON
Q4 -> START before QUEUED on field EPSILON

Replay Matches:
Q3
Q7

Time Range: 09:00:00 to 09:13:00
==============
