0
0
1
0
0
0
15
39
11
31
0
0
1
219453
0
676
296645
8094
379864
173166
0
39805
86876
0
1
0
26254
102393
11616
75424
1
190653
0
38328
125751
189427
1
1
385003
15547
21378
276095
45026
73920
154507
1
226801
238395
0
409060
18
103198
56307
57291
0
29102
53074
20706
50590
1770
14878
4753
0
36315
0
141169
201939
328537
0
317023
3
250488
181345
33145
83495
0
0
264378
245789
1
106375
365940
6794
1
78393
1
23155
1
3423
339076
0
8325
0
0
51681
10237
5335
0
33670
0
