*

  *
 ***
*****

    *
   ***
  *****
 *******
*********

      *
     ***
    *****
   *******
  *********
 ***********
*************

        *
       ***
      *****
     *******
    *********
   ***********
  *************
 ***************
*****************

          *
         ***
        *****
       *******
      *********
     ***********
    *************
   ***************
  *****************
 *******************
*********************

            *
           ***
          *****
         *******
        *********
       ***********
      *************
     ***************
    *****************
   *******************
  *********************
 ***********************
*************************

              *
             ***
            *****
           *******
          *********
         ***********
        *************
       ***************
      *****************
     *******************
    *********************
   ***********************
  *************************
 ***************************
*****************************

                *
               ***
              *****
             *******
            *********
           ***********
          *************
         ***************
        *****************
       *******************
      *********************
     ***********************
    *************************
   ***************************
  *****************************
 *******************************
*********************************

                  *
                 ***
                *****
               *******
              *********
             ***********
            *************
           ***************
          *****************
         *******************
        *********************
       ***********************
      *************************
     ***************************
    *****************************
   *******************************
  *********************************
 ***********************************
*************************************

